// Jest Snapshot v1, https://goo.gl/fbAQLP

exports[`video #getDescription generates a description string 1`] = `
"Sandstorm

⭐️ DatSongBot brings you another fresh, new music by Matthew186f for you to enjoy!

Listen to this song on Soundcloud:
▶️http://soundcloud.com/user-525309592/wave-he

Follow Matthew186f on Soundcloud:
🔉http://soundcloud.com/user-525309592

The background image used in this video is provided by Chris Benson from Unsplash:
🔗Follow Chris Benson on Unsplash - https://unsplash.com/@lordmaui
📂Download this background - https://unsplash.com/photos/nKEARsgmrqc

🎵 DatSongBot is a bot built by Buzzertech (https://buzzertech.com) which picks a new, trending song from soundcloud and uploads it to YouTube. This is an experimental tool. With that being said, be sure to subscribe to DatSongBot on YouTube and turn on notifications 'cause we post new music daily on this channel!

❌ DatSongBot doesn't owns this music nor the image used in this video. Just for entertainment purposes only!

Cheers 🎵
  "
`;

exports[`video #prepareSvg execute the template and return a svg string 1`] = `
"
		<style>html,body{margin: 0; padding: 0;}</style>
		<link href=\\"https://fonts.googleapis.com/css?family=Poppins&display=swap&text=SANDSTORMDARUDE\\" rel=\\"stylesheet\\">
		<svg viewBox=\\"0 0 1920 1080\\" lang=\\"en-US\\" xmlns=\\"http://www.w3.org/2000/svg\\">
			<defs>
				<linearGradient id=\\"bottomGrad\\" x1=\\"0%\\" y1=\\"0%\\" x2=\\"0%\\" y2=\\"100%\\">
					<stop offset=\\"0%\\" style=\\"stop-color:rgb(255,255,255);stop-opacity:0\\" />
					<stop offset=\\"100%\\" style=\\"stop-color:rgb(0,0,0);stop-opacity:.8;\\" />
				</linearGradient>
			</defs>
			<image href=\\"google.com\\" x=\\"0\\" y=\\"0\\" width=\\"100%\\" height=\\"100%\\" />
			<rect x=\\"0\\" y=\\"40%\\" width=\\"100%\\" height=\\"60%\\" fill=\\"url(#bottomGrad)\\"/>
			<text x=\\"10%\\" style=\\"font-family: 'Poppins', arial; font-weight: bold; font-size: 5em;\\" y=\\"90%\\" fill=\\"white\\">SANDSTORM</text>
			<text x=\\"10%\\" style=\\"font-family: 'Poppins', arial; font-size: 3em; font-weight: 300;\\" y=\\"95%\\" fill=\\"white\\">DARUDE</text>
		</svg>
	"
`;
